MAP
    IMAGETYPE      PNG
#  EXTENT         -179.99166666666667 -50.99166666666667 179.99166666666667 10.00000000000
    SIZE           600 600
    SHAPEPATH      "layers"
    IMAGECOLOR     135 216 250 
    FONTSET        "../fonts/fonts.list"
#    SYMBOLSET      "../symbols/symbols35.sym"
    EXTENT         -180 -90 180 90
    
    LAYER # States polygon layer begins here
        NAME         ocean
        DATA         ocean
        STATUS       ON
        TYPE         POLYGON
	
	CLASS
            NAME 'ocean'
      
            STYLE
                COLOR      0 128 192
                OUTLINECOLOR 0 128 192
                WIDTH 2
                ANTIALIAS TRUE
            END
	END
    END # States polygon layer ends here
  
    LAYER
        NAME         bathymetry_0
        DATA         bathymetry_0
        STATUS       ON
        TYPE         POLYGON
	
	CLASS
            NAME 'bathymetry_0'
      
            STYLE
                COLOR      135 216 250
                OUTLINECOLOR 135 216 250 
                WIDTH 2
                ANTIALIAS TRUE
            END
	END
    END

    LAYER
        NAME         bathymetry_200
        DATA         bathymetry_200
        STATUS       ON
        TYPE         POLYGON
	
	CLASS
            NAME 'bathymetry_200'
      
            STYLE
                COLOR      69 194 248
                OUTLINECOLOR 69 194 248 
                WIDTH 2
                ANTIALIAS TRUE
            END
	END
    END
  
    LAYER
        NAME         bathymetry_1000
        DATA         bathymetry_1000
        STATUS       ON
        TYPE         POLYGON
	
	CLASS
            NAME 'bathymetry_1000'
      
            STYLE
                COLOR      45 186 247
                OUTLINECOLOR 45 186 247 
                WIDTH 2
                ANTIALIAS TRUE
            END
	END
    END
  
    LAYER
        NAME         bathymetry_2000
        DATA         bathymetry_2000
        STATUS       ON
        TYPE         POLYGON
	
	CLASS
            NAME 'bathymetry_2000'
      
            STYLE
                COLOR      18 177 245
                OUTLINECOLOR 18 177 245 
                WIDTH 2
                ANTIALIAS TRUE
            END
	END
    END
  
    LAYER
        NAME         bathymetry_3000
        DATA         bathymetry_3000
        STATUS       ON
        TYPE         POLYGON
	
	CLASS
            NAME 'bathymetry_3000'
      
            STYLE
                COLOR      9 160 225
                OUTLINECOLOR 9 160 225
                WIDTH 2
                ANTIALIAS TRUE
            END
	END
    END
  
    LAYER
        NAME         bathymetry_4000
        DATA         bathymetry_4000
        STATUS       ON
        TYPE         POLYGON
	
	CLASS
            NAME 'bathymetry_4000'
      
            STYLE
                COLOR      7 141 199
                OUTLINECOLOR 7 141 199
                WIDTH 2
                ANTIALIAS TRUE
            END
	END
    END
  
    LAYER
        NAME         bathymetry_5000
        DATA         bathymetry_5000
        STATUS       ON
        TYPE         POLYGON
	
	CLASS
            NAME 'bathymetry_5000'
      
            STYLE
                COLOR      6 125 176
                OUTLINECOLOR 6 125 176
                WIDTH 2
                ANTIALIAS TRUE
            END
	END
    END
  
    LAYER
        NAME         bathymetry_6000
        DATA         bathymetry_6000
        STATUS       ON
        TYPE         POLYGON
	
	CLASS
            NAME 'bathymetry_6000'
      
            STYLE
                COLOR      6 114 159
                OUTLINECOLOR  6 114 159
                WIDTH 2
                ANTIALIAS TRUE
            END
	END
    END
  
    LAYER
        NAME         bathymetry_7000
        DATA         bathymetry_7000
        STATUS       ON
        TYPE         POLYGON
	
	CLASS
            NAME 'bathymetry_7000'
      
            STYLE
                COLOR      5 101 141
                OUTLINECOLOR 5 101 141
                WIDTH 2
                ANTIALIAS TRUE
            END
	END
    END
  
    LAYER
        NAME         bathymetry_8000
        DATA         bathymetry_8000
        STATUS       ON
        TYPE         POLYGON
	
	CLASS
            NAME 'bathymetry_8000'
      
            STYLE
                COLOR      4 71 100
                OUTLINECOLOR 4 71 100
                WIDTH 2
                ANTIALIAS TRUE
            END
	END
    END
  
    LAYER
        NAME         bathymetry_9000
        DATA         bathymetry_9000
        STATUS       ON
        TYPE         POLYGON
	
	CLASS
            NAME 'bathymetry_9000'
      
            STYLE
                COLOR      2 52 77
                OUTLINECOLOR  2 52 77
                WIDTH 2
                ANTIALIAS TRUE
            END
	END
    END
  
    LAYER
        NAME         bathymetry_10000
        DATA         bathymetry_10000
        STATUS       ON
        TYPE         POLYGON
	
	CLASS
            NAME 'bathymetry_10000'
      
            STYLE
                COLOR      0 29 43
                OUTLINECOLOR 0 29 43
                WIDTH 2
                ANTIALIAS TRUE
            END
	END
    END
  
    LAYER # States polygon layer begins here
        NAME         land
        DATA         southern_pac 
        STATUS       ON
        TYPE         POLYGON
	
	CLASS
            NAME 'land'
      
            STYLE
                COLOR      241 235 183
                OUTLINECOLOR  241 235 183
                WIDTH 2
                ANTIALIAS TRUE
            END
	END
    END # States polygon layer ends here
  
    LAYER # States polygon layer begins here
        NAME       maritime
        DATA         World_Maritime_Boundaries
        STATUS       ON
        TYPE         LINE
        CLASS
            NAME  maritime

            STYLE
                COLOR      0 0 0
            END
        END
    END

    LAYER # States polygon layer begins here
        NAME         countries
        DATA         pacific_islands_capitals
        STATUS       ON
        TYPE         ANNOTATION
        LABELMINSCALEDENOM    50
        LABELMAXSCALEDENOM    400

        PROCESSING "LABEL_NO_CLIP=True"
        LABELITEM    "NAME"
        CLASSITEM    "SCALERANK"
        CLASS
            EXPRESSION ([SCALERANK]==1)
            LABEL
                COLOR 0 0 0
#                SHADOWCOLOR 255 255 255
                SHADOWSIZE 1 1
                TYPE TRUETYPE
                FONT vera_sans
                SIZE 10
                MAXLENGTH 10
                WRAP ' '
                ANTIALIAS TRUE
                POSITION AUTO
                PARTIALS FALSE 
                OFFSET 1 1
#                MINFEATURESIZE AUTO
#                MINDISTANCE 300
#                BUFFER 4
                FORCE FALSE
            END # end of label
        END
    END # States polygon layer ends here

    LAYER # States polygon layer begins here
        NAME         capitals
        DATA         pacific_islands_capitals
        STATUS       ON
        TYPE         ANNOTATION

        LABELITEM    "NAME"
        CLASSITEM    "SCALERANK"
        LABELMINSCALEDENOM    1
        LABELMAXSCALEDENOM    200

        CLASS
            EXPRESSION ([SCALERANK]==2)
            LABEL
                COLOR 0 0 0
#                SHADOWCOLOR 255 255 255
                SHADOWSIZE 1 1
                TYPE TRUETYPE
                FONT vera_sans_mono
                SIZE 8
                ANTIALIAS TRUE
                POSITION AUTO
                PARTIALS FALSE
#                MINDISTANCE 300
#                BUFFER 4
                FORCE FALSE
            END # end of label
        END
    END # States polygon layer ends here


END
